[2026-02-08 17:38:37,330] INFO: Logger initialized successfully
[2026-02-08 17:38:37,335] INFO: DATASET SUMMARY (RAW RECORDS)
[2026-02-08 17:38:37,335] INFO:   Total records  : 11005
[2026-02-08 17:38:37,335] INFO:   Total patients : 10076
[2026-02-08 17:38:37,335] INFO:   AFIB records   : 1514
[2026-02-08 17:38:37,335] INFO:   NORMAL records : 9491
[2026-02-08 17:38:37,335] INFO: HOLD-OUT TEST MODE ENABLED (test_ratio=0.3)
[2026-02-08 17:38:37,713] INFO: Patients after split: train+val=7053, test=3023
[2026-02-08 17:38:37,713] INFO: FOLD MODE ENABLED (K=5)
[2026-02-08 17:38:55,918] INFO: [500Hz] SEGMENTS CREATED: 7730
[2026-02-08 17:38:55,918] INFO: [500Hz] QC SUMMARY: 6/7730 records had extreme-value clipping, 4252/7730 records had at least 1 flatline lead
[2026-02-08 17:38:55,919] INFO: [500Hz] SEGMENT DISTRIBUTION (BEFORE BALANCING)
[2026-02-08 17:38:55,919] INFO:   AFIB segments   : 1074
[2026-02-08 17:38:55,919] INFO:   NORMAL segments : 6656
[2026-02-08 17:38:55,919] INFO:   TOTAL segments  : 7730
[2026-02-08 17:38:55,920] INFO: [500Hz] GLOBAL SEGMENT BALANCE APPLIED
[2026-02-08 17:38:55,920] INFO:   AFIB segments   : 1074
[2026-02-08 17:38:55,921] INFO:   NORMAL segments : 1074
[2026-02-08 17:38:55,921] INFO:   TOTAL segments  : 2148
[2026-02-08 17:38:55,922] INFO: [500Hz] SEGMENT BALANCING APPLIED (FOLD LEVEL)
[2026-02-08 17:38:55,922] INFO:   Rule: min(AFIB, NORMAL) per fold
[2026-02-08 17:38:55,924] INFO: [500Hz] SEGMENT BALANCING APPLIED
[2026-02-08 17:38:55,924] INFO:   AFIB kept   : 1029
[2026-02-08 17:38:55,924] INFO:   NORMAL kept : 1029
[2026-02-08 17:38:55,924] INFO:   TOTAL kept  : 2058
[2026-02-08 17:38:55,924] INFO:   DROPPED     : 90
[2026-02-08 17:38:55,924] INFO: [500Hz] fold 5: segments=400 (AFIB=200, NORMAL=200)
[2026-02-08 17:38:55,924] INFO: [500Hz] fold 4: segments=424 (AFIB=212, NORMAL=212)
[2026-02-08 17:38:55,924] INFO: [500Hz] fold 3: segments=416 (AFIB=208, NORMAL=208)
[2026-02-08 17:38:55,925] INFO: [500Hz] fold 1: segments=398 (AFIB=199, NORMAL=199)
[2026-02-08 17:38:55,925] INFO: [500Hz] fold 2: segments=420 (AFIB=210, NORMAL=210)
[2026-02-08 17:38:56,878] INFO: [500Hz] saved data.pt (fold mode)
[2026-02-08 17:39:07,390] INFO: [500Hz] saved HOLD-OUT test.pt (samples=3275, AFIB=440, NORMAL=2835)
[2026-02-08 17:39:23,630] INFO: [250Hz] SEGMENTS CREATED: 7730
[2026-02-08 17:39:23,630] INFO: [250Hz] QC SUMMARY: 6/7730 records had extreme-value clipping, 0/7730 records had at least 1 flatline lead
[2026-02-08 17:39:23,667] INFO: [250Hz] SEGMENT DISTRIBUTION (BEFORE BALANCING)
[2026-02-08 17:39:23,667] INFO:   AFIB segments   : 1074
[2026-02-08 17:39:23,667] INFO:   NORMAL segments : 6656
[2026-02-08 17:39:23,667] INFO:   TOTAL segments  : 7730
[2026-02-08 17:39:23,676] INFO: [250Hz] GLOBAL SEGMENT BALANCE APPLIED
[2026-02-08 17:39:23,677] INFO:   AFIB segments   : 1074
[2026-02-08 17:39:23,677] INFO:   NORMAL segments : 1074
[2026-02-08 17:39:23,677] INFO:   TOTAL segments  : 2148
[2026-02-08 17:39:23,680] INFO: [250Hz] SEGMENT BALANCING APPLIED (FOLD LEVEL)
[2026-02-08 17:39:23,680] INFO:   Rule: min(AFIB, NORMAL) per fold
[2026-02-08 17:39:23,684] INFO: [250Hz] SEGMENT BALANCING APPLIED
[2026-02-08 17:39:23,684] INFO:   AFIB kept   : 1029
[2026-02-08 17:39:23,684] INFO:   NORMAL kept : 1029
[2026-02-08 17:39:23,684] INFO:   TOTAL kept  : 2058
[2026-02-08 17:39:23,684] INFO:   DROPPED     : 90
[2026-02-08 17:39:23,684] INFO: [250Hz] fold 5: segments=400 (AFIB=200, NORMAL=200)
[2026-02-08 17:39:23,685] INFO: [250Hz] fold 4: segments=424 (AFIB=212, NORMAL=212)
[2026-02-08 17:39:23,685] INFO: [250Hz] fold 3: segments=416 (AFIB=208, NORMAL=208)
[2026-02-08 17:39:23,685] INFO: [250Hz] fold 1: segments=398 (AFIB=199, NORMAL=199)
[2026-02-08 17:39:23,685] INFO: [250Hz] fold 2: segments=420 (AFIB=210, NORMAL=210)
[2026-02-08 17:39:24,163] INFO: [250Hz] saved data.pt (fold mode)
[2026-02-08 17:39:31,230] INFO: [250Hz] saved HOLD-OUT test.pt (samples=3275, AFIB=440, NORMAL=2835)
[2026-02-08 17:39:44,013] INFO: [100Hz] SEGMENTS CREATED: 7730
[2026-02-08 17:39:44,013] INFO: [100Hz] QC SUMMARY: 6/7730 records had extreme-value clipping, 0/7730 records had at least 1 flatline lead
[2026-02-08 17:39:44,014] INFO: [100Hz] SEGMENT DISTRIBUTION (BEFORE BALANCING)
[2026-02-08 17:39:44,014] INFO:   AFIB segments   : 1074
[2026-02-08 17:39:44,014] INFO:   NORMAL segments : 6656
[2026-02-08 17:39:44,014] INFO:   TOTAL segments  : 7730
[2026-02-08 17:39:44,019] INFO: [100Hz] GLOBAL SEGMENT BALANCE APPLIED
[2026-02-08 17:39:44,019] INFO:   AFIB segments   : 1074
[2026-02-08 17:39:44,019] INFO:   NORMAL segments : 1074
[2026-02-08 17:39:44,019] INFO:   TOTAL segments  : 2148
[2026-02-08 17:39:44,021] INFO: [100Hz] SEGMENT BALANCING APPLIED (FOLD LEVEL)
[2026-02-08 17:39:44,021] INFO:   Rule: min(AFIB, NORMAL) per fold
[2026-02-08 17:39:44,022] INFO: [100Hz] SEGMENT BALANCING APPLIED
[2026-02-08 17:39:44,022] INFO:   AFIB kept   : 1029
[2026-02-08 17:39:44,023] INFO:   NORMAL kept : 1029
[2026-02-08 17:39:44,023] INFO:   TOTAL kept  : 2058
[2026-02-08 17:39:44,023] INFO:   DROPPED     : 90
[2026-02-08 17:39:44,023] INFO: [100Hz] fold 5: segments=400 (AFIB=200, NORMAL=200)
[2026-02-08 17:39:44,023] INFO: [100Hz] fold 4: segments=424 (AFIB=212, NORMAL=212)
[2026-02-08 17:39:44,023] INFO: [100Hz] fold 3: segments=416 (AFIB=208, NORMAL=208)
[2026-02-08 17:39:44,023] INFO: [100Hz] fold 1: segments=398 (AFIB=199, NORMAL=199)
[2026-02-08 17:39:44,023] INFO: [100Hz] fold 2: segments=420 (AFIB=210, NORMAL=210)
[2026-02-08 17:39:44,227] INFO: [100Hz] saved data.pt (fold mode)
[2026-02-08 17:39:49,987] INFO: [100Hz] saved HOLD-OUT test.pt (samples=3275, AFIB=440, NORMAL=2835)
[2026-02-08 17:40:03,490] INFO: [62Hz] SEGMENTS CREATED: 7730
[2026-02-08 17:40:03,490] INFO: [62Hz] QC SUMMARY: 6/7730 records had extreme-value clipping, 0/7730 records had at least 1 flatline lead
[2026-02-08 17:40:03,491] INFO: [62Hz] SEGMENT DISTRIBUTION (BEFORE BALANCING)
[2026-02-08 17:40:03,491] INFO:   AFIB segments   : 1074
[2026-02-08 17:40:03,492] INFO:   NORMAL segments : 6656
[2026-02-08 17:40:03,492] INFO:   TOTAL segments  : 7730
[2026-02-08 17:40:03,498] INFO: [62Hz] GLOBAL SEGMENT BALANCE APPLIED
[2026-02-08 17:40:03,498] INFO:   AFIB segments   : 1074
[2026-02-08 17:40:03,498] INFO:   NORMAL segments : 1074
[2026-02-08 17:40:03,498] INFO:   TOTAL segments  : 2148
[2026-02-08 17:40:03,501] INFO: [62Hz] SEGMENT BALANCING APPLIED (FOLD LEVEL)
[2026-02-08 17:40:03,501] INFO:   Rule: min(AFIB, NORMAL) per fold
[2026-02-08 17:40:03,503] INFO: [62Hz] SEGMENT BALANCING APPLIED
[2026-02-08 17:40:03,503] INFO:   AFIB kept   : 1029
[2026-02-08 17:40:03,503] INFO:   NORMAL kept : 1029
[2026-02-08 17:40:03,504] INFO:   TOTAL kept  : 2058
[2026-02-08 17:40:03,504] INFO:   DROPPED     : 90
[2026-02-08 17:40:03,504] INFO: [62Hz] fold 5: segments=400 (AFIB=200, NORMAL=200)
[2026-02-08 17:40:03,504] INFO: [62Hz] fold 4: segments=424 (AFIB=212, NORMAL=212)
[2026-02-08 17:40:03,504] INFO: [62Hz] fold 3: segments=416 (AFIB=208, NORMAL=208)
[2026-02-08 17:40:03,504] INFO: [62Hz] fold 1: segments=398 (AFIB=199, NORMAL=199)
[2026-02-08 17:40:03,504] INFO: [62Hz] fold 2: segments=420 (AFIB=210, NORMAL=210)
[2026-02-08 17:40:03,594] INFO: [62Hz] saved data.pt (fold mode)
[2026-02-08 17:40:09,348] INFO: [62Hz] saved HOLD-OUT test.pt (samples=3275, AFIB=440, NORMAL=2835)
